src/components/modals/AddMediaFromSearchModal.tsx(138,9): error TS2353: Object literal may only specify known properties, and 'isFeatured' does not exist in type 'MediaItem'.
src/i18n/index.tsx(28,82): error TS2339: Property 'toLowerCase' does not exist on type 'string | false'.
  Property 'toLowerCase' does not exist on type 'false'.
